<html>
<body>
<pre>
<h1>µVision Build Log</h1>
<h2>Project:</h2>
C:\Users\Angelo\Desktop\FlashingLights\FlashingLights\FlashingLights.uvproj
Project File Date:  12/31/2016

<h2>Output:</h2>
Build target 'FlashingLights'
compiling blink.c...
blink.c(26): warning:  #550-D: variable "delay" was set but never used
        unsigned long delay;
blink.c(80): warning:  #1-D: last line of file ends without a newline
  }
blink.c: 2 warnings, 0 errors
compiling flashinglights.c...
sound.h(8): warning:  #1-D: last line of file ends without a newline
  void Sound_Play(const unsigned char *pt, unsigned long count);
flashinglights.c(47): warning:  #550-D: variable "delay" was set but never used
        unsigned long delay;
flashinglights.c: 2 warnings, 0 errors
compiling sound.c...
sound.h(8): warning:  #1-D: last line of file ends without a newline
  void Sound_Play(const unsigned char *pt, unsigned long count);
sound.c(13): warning:  #550-D: variable "delay" was set but never used
        unsigned long delay;
sound.c(89): warning:  #1-D: last line of file ends without a newline
  //}
sound.c: 3 warnings, 0 errors
assembling random.s...
assembling startup.s...
linking...
Program Size: Code=2140 RO-data=32 RW-data=68 ZI-data=1124  
".\Lab13.axf" - 0 Error(s), 7 Warning(s).
Clean started: Project: 'FlashingLights'
   deleting intermediate output files for target 'FlashingLights'
</pre>
</body>
</html>
